******************************************************************************
                  TI ARM Linker PC v20.2.1                     
******************************************************************************
>> Linked Fri Apr 30 14:45:13 2021

OUTPUT FILE NAME:   <Lab4_v4.out>
ENTRY POINT SYMBOL: "_c_int00_noargs"  address: 00005091


MEMORY CONFIGURATION

         name            origin    length      used     unused   attr    fill
----------------------  --------  ---------  --------  --------  ----  --------
  FLASH                 00000000   00040000  0000548f  0003ab71  R  X
  SRAM                  20000000   00008000  0000231c  00005ce4  RW X


SEGMENT ALLOCATION MAP

run origin  load origin   length   init length attrs members
----------  ----------- ---------- ----------- ----- -------
00000000    00000000    00005498   00005498    r-x
  00000000    00000000    0000026c   0000026c    r-- .intvecs
  0000026c    0000026c    00005088   00005088    r-x .text
  000052f8    000052f8    0000014b   0000014b    r-- .const
  00005448    00005448    00000050   00000050    r-- .cinit
20000000    20000000    00002320   00000000    rw-
  20000000    20000000    0000026c   00000000    rw- .vtable
  20000270    20000270    00001000   00000000    rw- .stack
  20001270    20001270    00001000   00000000    rw- .sysmem
  20002270    20002270    00000070   00000000    rw- .bss
  200022e0    200022e0    00000040   00000000    rw- .data


SECTION ALLOCATION MAP

 output                                  attributes/
section   page    origin      length       input sections
--------  ----  ----------  ----------   ----------------
.intvecs   0    00000000    0000026c     
                  00000000    0000026c     tm4c123gh6pm_startup_ccs.obj (.intvecs)

.text      0    0000026c    00005088     
                  0000026c    00000c20     open_interface.obj (.text)
                  00000e8c    00000a4e     rtsv7M4_T_le_v4SPD16_eabi.lib : _printfi.c.obj (.text:__TI_printfi)
                  000018da    00000002                                   : _lock.c.obj (.text:_nop)
                  000018dc    000009c0                                   : e_pow.c.obj (.text:pow)
                  0000229c    00000438     finalproject.obj (.text)
                  000026d4    00000344     scan.obj (.text)
                  00002a18    00000328     lcd.obj (.text)
                  00002d40    00000270     rtsv7M4_T_le_v4SPD16_eabi.lib : _printfi.c.obj (.text:_pconv_a)
                  00002fb0    00000254     movement.obj (.text)
                  00003204    00000248     Timer.obj (.text)
                  0000344c    0000023c     ping_template.obj (.text)
                  00003688    000001d0     rtsv7M4_T_le_v4SPD16_eabi.lib : _printfi.c.obj (.text:_pconv_g)
                  00003858    000001b6                                   : fd_add_t2.asm.obj (.text)
                  00003a0e    00000002                                   : div0.asm.obj (.text)
                  00003a10    00000158                                   : e_sqrt.c.obj (.text:sqrt)
                  00003b68    0000014c     uart.obj (.text)
                  00003cb4    0000013c     rtsv7M4_T_le_v4SPD16_eabi.lib : _printfi.c.obj (.text:_pconv_e)
                  00003df0    00000136                                   : fd_div_t2.asm.obj (.text)
                  00003f26    00000002     --HOLE-- [fill = 0]
                  00003f28    00000128     servo.obj (.text)
                  00004050    00000124     rtsv7M4_T_le_v4SPD16_eabi.lib : _printfi.c.obj (.text:fcvt)
                  00004174    00000110                                   : s_scalbn.c.obj (.text:scalbn)
                  00004284    00000108                                   : memory.c.obj (.text:aligned_alloc)
                  0000438c    000000fc                                   : fd_mul_t2.asm.obj (.text)
                  00004488    000000e4                                   : memory.c.obj (.text:free)
                  0000456c    000000bc     adc.obj (.text)
                  00004628    000000b4     rtsv7M4_T_le_v4SPD16_eabi.lib : s_cosf.c.obj (.text:cosf)
                  000046dc    000000b1                                   : _printfi.c.obj (.text:_ltostr)
                  0000478d    00000001     --HOLE-- [fill = 0]
                  0000478e    0000009c                                   : memcpy_t2.asm.obj (.text)
                  0000482a    0000009a     cliff.obj (.text)
                  000048c4    00000096     rtsv7M4_T_le_v4SPD16_eabi.lib : ull_div_t2.asm.obj (.text)
                  0000495a    00000086                                   : fd_cmp_t2.asm.obj (.text:__aeabi_cdcmple)
                  000049e0    00000086                                   : fd_cmp_t2.asm.obj (.text:__aeabi_cdrcmple)
                  00004a66    0000007a                                   : memset_t2.asm.obj (.text)
                  00004ae0    00000070                                   : memory.c.obj (.text:split)
                  00004b50    0000006e                                   : _printfi.c.obj (.text:_mcpy)
                  00004bbe    0000006e                                   : fd_tos_t2.asm.obj (.text)
                  00004c2c    00000068                                   : copy_decompress_lzss.c.obj (.text:decompress:lzss:__TI_decompress_lzss)
                  00004c94    00000064                                   : s_frexp.c.obj (.text:frexp)
                  00004cf8    00000060     resetSimulation.obj (.text)
                  00004d58    00000056     rtsv7M4_T_le_v4SPD16_eabi.lib : _printfi.c.obj (.text:_pconv_f)
                  00004dae    00000054                                   : _ltoa.c.obj (.text:__TI_ltoa)
                  00004e02    00000052                                   : _printfi.c.obj (.text:_ecpy)
                  00004e54    0000004c                                   : atoi.c.obj (.text:atoi)
                  00004ea0    00000048                                   : fd_toi_t2.asm.obj (.text)
                  00004ee8    00000044                                   : autoinit.c.obj (.text:__TI_auto_init_nobinit_nopinit:__TI_auto_init_nobinit_nopinit)
                  00004f2c    00000040                                   : sprintf.c.obj (.text:sprintf)
                  00004f6c    00000040                                   : vsnprintf.c.obj (.text:vsnprintf)
                  00004fac    0000003e                                   : _printfi.c.obj (.text:_fcpy)
                  00004fea    00000002     --HOLE-- [fill = 0]
                  00004fec    00000038                                   : memory.c.obj (.text:calloc)
                  00005024    00000038                                   : fs_tod_t2.asm.obj (.text)
                  0000505c    00000034     driverlib.lib : interrupt.obj (.text:IntRegister)
                  00005090    00000034     rtsv7M4_T_le_v4SPD16_eabi.lib : boot_cortex_m.c.obj (.text:_c_int00_noargs:_c_int00_noargs)
                  000050c4    00000030                                   : vsnprintf.c.obj (.text:_outs)
                  000050f4    0000002e                                   : i_tofd_t2.asm.obj (.text)
                  00005122    00000002     --HOLE-- [fill = 0]
                  00005124    00000028                                   : memory.c.obj (.text:free_list_insert)
                  0000514c    00000020                                   : u_tofd_t2.asm.obj (.text)
                  0000516c    0000001c                                   : copy_zero_init.c.obj (.text:decompress:ZI:__TI_zero_init_nomemset:__TI_zero_init_nomemset)
                  00005188    0000001c                                   : memory.c.obj (.text:free_list_remove)
                  000051a4    0000001c                                   : memccpy.c.obj (.text:memccpy)
                  000051c0    0000001a                                   : s_copysign.c.obj (.text:copysign)
                  000051da    00000018                                   : vsnprintf.c.obj (.text:_outc)
                  000051f2    00000018                                   : sprintf.c.obj (.text:_outs)
                  0000520a    00000018     open_interface.obj (.text:oi_parseInt)
                  00005222    00000018     rtsv7M4_T_le_v4SPD16_eabi.lib : strcmp.c.obj (.text:strcmp)
                  0000523a    00000016                                   : strchr.c.obj (.text:strchr)
                  00005250    00000014                                   : strcpy.c.obj (.text:strcpy)
                  00005264    00000014                                   : strlen.c.obj (.text:strlen)
                  00005278    00000012                                   : wcslen.c.obj (.text:wcslen)
                  0000528a    00000010     driverlib.lib : interrupt.obj (.text:IntMasterEnable)
                  0000529a    00000010     lcd.obj (.text:lcd_clear)
                  000052aa    0000000e     rtsv7M4_T_le_v4SPD16_eabi.lib : copy_decompress_none.c.obj (.text:decompress:none:__TI_decompress_none)
                  000052b8    0000000c     driverlib.lib : cpu.obj (.text:CPUcpsie)
                  000052c4    0000000c     tm4c123gh6pm_startup_ccs.obj (.text)
                  000052d0    0000000a     rtsv7M4_T_le_v4SPD16_eabi.lib : sprintf.c.obj (.text:_outc)
                  000052da    00000002     --HOLE-- [fill = 0]
                  000052dc    00000008                                   : errno.c.obj (.text:__aeabi_errno_addr)
                  000052e4    00000008                                   : memory.c.obj (.text:malloc)
                  000052ec    00000004                                   : pre_init.c.obj (.text:_system_pre_init)
                  000052f0    00000004                                   : exit.c.obj (.text:abort:abort)

.const     0    000052f8    0000014b     
                  000052f8    00000101     rtsv7M4_T_le_v4SPD16_eabi.lib : ctype.c.obj (.const:.string:_ctypes_)
                  000053f9    00000004     lcd.obj (.const:.string:lineAddress$1)
                  000053fd    00000003     --HOLE-- [fill = 0]
                  00005400    00000030     rtsv7M4_T_le_v4SPD16_eabi.lib : e_pow.c.obj (.const:$O1$$)
                  00005430    0000000f     open_interface.obj (.const:.string:$P$T0$3)
                  0000543f    00000004     lcd.obj (.const:.string:lineAddresses$2)

.cinit     0    00005448    00000050     
                  00005448    00000019     (.cinit..data.load) [load image, compression = lzss]
                  00005461    00000003     --HOLE-- [fill = 0]
                  00005464    0000000c     (__TI_handler_table)
                  00005470    00000008     (.cinit..bss.load) [load image, compression = zero_init]
                  00005478    00000008     (.cinit..vtable.load) [load image, compression = zero_init]
                  00005480    00000018     (__TI_cinit_table)

.init_array 
*          0    00000000    00000000     UNINITIALIZED

.vtable    0    20000000    0000026c     UNINITIALIZED
                  20000000    0000026c     driverlib.lib : interrupt.obj (.vtable)

.stack     0    20000270    00001000     UNINITIALIZED
                  20000270    00000004     rtsv7M4_T_le_v4SPD16_eabi.lib : boot_cortex_m.c.obj (.stack)
                  20000274    00000ffc     --HOLE--

.sysmem    0    20001270    00001000     UNINITIALIZED
                  20001270    00000010     rtsv7M4_T_le_v4SPD16_eabi.lib : memory.c.obj (.sysmem)
                  20001280    00000ff0     --HOLE--

.bss       0    20002270    00000070     UNINITIALIZED
                  20002270    00000054     lcd.obj (.bss:lastbuffer$3)
                  200022c4    00000018     open_interface.obj (.bss:firmware$2)
                  200022dc    00000004     (.common:_timeout_ticks)

.data      0    200022e0    00000040     UNINITIALIZED
                  200022e0    00000020     open_interface.obj (.data)
                  20002300    00000009     ping_template.obj (.data)
                  20002309    00000001     Timer.obj (.data)
                  2000230a    00000002     --HOLE--
                  2000230c    00000008     rtsv7M4_T_le_v4SPD16_eabi.lib : _lock.c.obj (.data:$O1$$)
                  20002314    00000008                                   : memory.c.obj (.data:$O1$$)
                  2000231c    00000004                                   : errno.c.obj (.data)

__llvm_prf_cnts 
*          0    20000000    00000000     UNINITIALIZED

MODULE SUMMARY

       Module                         code    ro data   rw data
       ------                         ----    -------   -------
    .\
       open_interface.obj             3128    15        56     
       finalproject.obj               1080    0         0      
       lcd.obj                        824     8         84     
       scan.obj                       836     0         0      
       tm4c123gh6pm_startup_ccs.obj   12      620       0      
       movement.obj                   596     0         0      
       Timer.obj                      584     0         5      
       ping_template.obj              572     0         9      
       uart.obj                       332     0         0      
       servo.obj                      296     0         0      
       adc.obj                        188     0         0      
       cliff.obj                      154     0         0      
       resetSimulation.obj            96      0         0      
    +--+------------------------------+-------+---------+---------+
       Total:                         8698    643       154    
                                                               
    C:/ti/TivaWare_C_Series-2.1.4.178/driverlib/ccs/Debug/driverlib.lib
       interrupt.obj                  68      0         620    
       cpu.obj                        12      0         0      
    +--+------------------------------+-------+---------+---------+
       Total:                         80      0         620    
                                                               
    C:\ti\ccs1010\ccs\tools\compiler\ti-cgt-arm_20.2.1.LTS\lib\rtsv7M4_T_le_v4SPD16_eabi.lib
       _printfi.c.obj                 4851    0         0      
       e_pow.c.obj                    2496    48        0      
       memory.c.obj                   736     0         8      
       fd_add_t2.asm.obj              438     0         0      
       e_sqrt.c.obj                   344     0         0      
       fd_div_t2.asm.obj              310     0         0      
       s_scalbn.c.obj                 272     0         0      
       fd_cmp_t2.asm.obj              268     0         0      
       ctype.c.obj                    0       257       0      
       fd_mul_t2.asm.obj              252     0         0      
       s_cosf.c.obj                   180     0         0      
       memcpy_t2.asm.obj              156     0         0      
       ull_div_t2.asm.obj             150     0         0      
       vsnprintf.c.obj                136     0         0      
       memset_t2.asm.obj              122     0         0      
       fd_tos_t2.asm.obj              110     0         0      
       copy_decompress_lzss.c.obj     104     0         0      
       s_frexp.c.obj                  100     0         0      
       sprintf.c.obj                  98      0         0      
       _ltoa.c.obj                    84      0         0      
       atoi.c.obj                     76      0         0      
       fd_toi_t2.asm.obj              72      0         0      
       autoinit.c.obj                 68      0         0      
       fs_tod_t2.asm.obj              56      0         0      
       boot_cortex_m.c.obj            52      0         0      
       i_tofd_t2.asm.obj              46      0         0      
       u_tofd_t2.asm.obj              32      0         0      
       copy_zero_init.c.obj           28      0         0      
       memccpy.c.obj                  28      0         0      
       s_copysign.c.obj               26      0         0      
       strcmp.c.obj                   24      0         0      
       strchr.c.obj                   22      0         0      
       strcpy.c.obj                   20      0         0      
       strlen.c.obj                   20      0         0      
       wcslen.c.obj                   18      0         0      
       copy_decompress_none.c.obj     14      0         0      
       errno.c.obj                    8       0         4      
       _lock.c.obj                    2       0         8      
       exit.c.obj                     4       0         0      
       pre_init.c.obj                 4       0         0      
       div0.asm.obj                   2       0         0      
    +--+------------------------------+-------+---------+---------+
       Total:                         11829   305       20     
                                                               
       Heap:                          0       0         4096   
       Stack:                         0       0         4096   
       Linker Generated:              0       77        0      
    +--+------------------------------+-------+---------+---------+
       Grand Total:                   20607   1025      8986   


LINKER GENERATED COPY TABLES

__TI_cinit_table @ 00005480 records: 3, size/record: 8, table size: 24
	.data: load addr=00005448, load size=00000019 bytes, run addr=200022e0, run size=00000040 bytes, compression=lzss
	.bss: load addr=00005470, load size=00000008 bytes, run addr=20002270, run size=00000070 bytes, compression=zero_init
	.vtable: load addr=00005478, load size=00000008 bytes, run addr=20000000, run size=0000026c bytes, compression=zero_init


LINKER GENERATED HANDLER TABLE

__TI_handler_table @ 00005464 records: 3, size/record: 4, table size: 12
	index: 0, handler: __TI_zero_init
	index: 1, handler: __TI_decompress_lzss
	index: 2, handler: __TI_decompress_none


GLOBAL SYMBOLS: SORTED ALPHABETICALLY BY Name 

address   name                          
-------   ----                          
0000305f  ABS                           
000045d7  ADC0_InSeq3                   
0000456d  ADC0_InitSWTriggerSeq3_Ch10   
000052f1  C$$EXIT                       
000052b9  CPUcpsie                      
20002304  END_TIME                      
00000bc3  GPIOF_Handler                 
0000528b  IntMasterEnable               
0000505d  IntRegister                   
000052c5  ResetISR                      
20002300  START_TIME                    
20002308  STATE                         
000035a9  TIMER3B_Handler               
20001270  __STACK_END                   
00001000  __STACK_SIZE                  
20000470  __STACK_TOP                   
00001000  __SYSMEM_SIZE                 
00005480  __TI_CINIT_Base               
00005498  __TI_CINIT_Limit              
00005464  __TI_Handler_Table_Base       
00005470  __TI_Handler_Table_Limit      
00004ee9  __TI_auto_init_nobinit_nopinit
00004c2d  __TI_decompress_lzss          
000052ab  __TI_decompress_none          
00004daf  __TI_ltoa                     
ffffffff  __TI_pprof_out_hndl           
00000e8d  __TI_printfi                  
ffffffff  __TI_prof_data_size           
ffffffff  __TI_prof_data_start          
00000000  __TI_static_base__            
0000516d  __TI_zero_init_nomemset       
0000495b  __aeabi_cdcmpeq               
0000495b  __aeabi_cdcmple               
000049e1  __aeabi_cdrcmple              
00004bbf  __aeabi_d2f                   
00004ea1  __aeabi_d2iz                  
00003863  __aeabi_dadd                  
00003df1  __aeabi_ddiv                  
0000438d  __aeabi_dmul                  
00003859  __aeabi_dsub                  
000052dd  __aeabi_errno_addr            
00005025  __aeabi_f2d                   
000050f5  __aeabi_i2d                   
00003a0f  __aeabi_idiv0                 
00003a0f  __aeabi_ldiv0                 
00004a67  __aeabi_memclr                
00004a67  __aeabi_memclr4               
00004a67  __aeabi_memclr8               
0000478f  __aeabi_memcpy                
0000478f  __aeabi_memcpy4               
0000478f  __aeabi_memcpy8               
00004a69  __aeabi_memset                
00004a69  __aeabi_memset4               
00004a69  __aeabi_memset8               
0000514d  __aeabi_ui2d                  
000048c5  __aeabi_uldivmod              
ffffffff  __binit__                     
ffffffff  __c_args__                    
UNDEFED   __mpu_init                    
20000270  __stack                       
20000000  __start___llvm_prf_cnts       
20000000  __stop___llvm_prf_cnts        
00005091  _c_int00_noargs               
000052f8  _ctypes_                      
2000230c  _lock                         
000018db  _nop                          
20002309  _running                      
20001270  _sys_memory                   
UNDEFED   _system_post_cinit            
000052ed  _system_pre_init              
200022dc  _timeout_ticks                
20002310  _unlock                       
000052f1  abort                         
00004285  aligned_alloc                 
00004e55  atoi                          
00003107  backup                        
ffffffff  binit                         
00004fed  calloc                        
0000486f  checkBoundary                 
0000482b  checkCliff                    
000051c1  copysign                      
000051c1  copysignl                     
00004629  cosf                          
2000231c  errno                         
00004489  free                          
00004c95  frexp                         
00004c95  frexpl                        
20000000  g_pfnRAMVectors               
00000000  g_pfnVectors                  
0000097f  go_charge                     
00002951  irDis                         
0000529b  lcd_clear                     
00002bed  lcd_gotoLine                  
00002a55  lcd_init                      
00002c53  lcd_printf                    
00002b15  lcd_putc                      
00002b4d  lcd_puts                      
00002a19  lcd_reverseNibble             
00002b6b  lcd_sendCommand               
00002ba9  lcd_sendNibble                
00002c15  lcd_setCursorPos              
00004175  ldexp                         
00004175  ldexpl                        
0000229d  main                          
000052e5  malloc                        
00004285  memalign                      
000051a5  memccpy                       
0000478f  memcpy                        
00004a6f  memset                        
200022e0  motor_cal_factor_L            
200022e4  motor_cal_factor_R            
00002fb1  moveForward                   
0000026d  oi_alloc                      
00000aa9  oi_checkFirmware              
000002c7  oi_close                      
00000279  oi_free                       
00000ded  oi_getMotorCalibrationLeft    
00000e01  oi_getMotorCalibrationRight   
000002b1  oi_init                       
00000289  oi_init_noupdate              
00000915  oi_loadSong                   
0000520b  oi_parseInt                   
0000032b  oi_parsePacket                
0000096b  oi_play_song                  
0000084b  oi_setLeds                    
00000db1  oi_setMotorCalibration        
0000088f  oi_setWheels                  
00000b51  oi_shutoff_init               
0000098d  oi_uartInit                   
00000a31  oi_uartReceive                
00000a77  oi_uartSendBuff               
00000a15  oi_uartSendChar               
00000a59  oi_uartSendStr                
000002d9  oi_update                     
000035e1  ping_getDistance              
0000344d  ping_init                     
0000352f  ping_trigger                  
000018dd  pow                           
000018dd  powl                          
00004cf9  resetSimulationBoard          
00004175  scalbn                        
00004175  scalbnl                       
000026d5  scan                          
000028c9  sendToPutty                   
00003f29  servo_init                    
00003fc7  servo_move                    
00004f2d  sprintf                       
00003a11  sqrt                          
00003a11  sqrtl                         
0000523b  strchr                        
00005223  strcmp                        
00005251  strcpy                        
00005265  strlen                        
00003323  timer_getMicros               
000032cb  timer_getMillis               
00003205  timer_init                    
000032a7  timer_pause                   
000032b9  timer_resume                  
0000327d  timer_stop                    
0000337d  timer_waitMicros              
000033af  timer_waitMillis              
00003095  turnLeft                      
00003177  turnRight                     
00003b69  uart_init                     
00003c05  uart_receive                  
00003c2b  uart_receive_nonblocking      
00003be9  uart_sendChar                 
00003c59  uart_sendStr_A                
00004f6d  vsnprintf                     
00005279  wcslen                        
00002861  widthCalculator               


GLOBAL SYMBOLS: SORTED BY Symbol Address 

address   name                          
-------   ----                          
00000000  __TI_static_base__            
00000000  g_pfnVectors                  
0000026d  oi_alloc                      
00000279  oi_free                       
00000289  oi_init_noupdate              
000002b1  oi_init                       
000002c7  oi_close                      
000002d9  oi_update                     
0000032b  oi_parsePacket                
0000084b  oi_setLeds                    
0000088f  oi_setWheels                  
00000915  oi_loadSong                   
0000096b  oi_play_song                  
0000097f  go_charge                     
0000098d  oi_uartInit                   
00000a15  oi_uartSendChar               
00000a31  oi_uartReceive                
00000a59  oi_uartSendStr                
00000a77  oi_uartSendBuff               
00000aa9  oi_checkFirmware              
00000b51  oi_shutoff_init               
00000bc3  GPIOF_Handler                 
00000db1  oi_setMotorCalibration        
00000ded  oi_getMotorCalibrationLeft    
00000e01  oi_getMotorCalibrationRight   
00000e8d  __TI_printfi                  
00001000  __STACK_SIZE                  
00001000  __SYSMEM_SIZE                 
000018db  _nop                          
000018dd  pow                           
000018dd  powl                          
0000229d  main                          
000026d5  scan                          
00002861  widthCalculator               
000028c9  sendToPutty                   
00002951  irDis                         
00002a19  lcd_reverseNibble             
00002a55  lcd_init                      
00002b15  lcd_putc                      
00002b4d  lcd_puts                      
00002b6b  lcd_sendCommand               
00002ba9  lcd_sendNibble                
00002bed  lcd_gotoLine                  
00002c15  lcd_setCursorPos              
00002c53  lcd_printf                    
00002fb1  moveForward                   
0000305f  ABS                           
00003095  turnLeft                      
00003107  backup                        
00003177  turnRight                     
00003205  timer_init                    
0000327d  timer_stop                    
000032a7  timer_pause                   
000032b9  timer_resume                  
000032cb  timer_getMillis               
00003323  timer_getMicros               
0000337d  timer_waitMicros              
000033af  timer_waitMillis              
0000344d  ping_init                     
0000352f  ping_trigger                  
000035a9  TIMER3B_Handler               
000035e1  ping_getDistance              
00003859  __aeabi_dsub                  
00003863  __aeabi_dadd                  
00003a0f  __aeabi_idiv0                 
00003a0f  __aeabi_ldiv0                 
00003a11  sqrt                          
00003a11  sqrtl                         
00003b69  uart_init                     
00003be9  uart_sendChar                 
00003c05  uart_receive                  
00003c2b  uart_receive_nonblocking      
00003c59  uart_sendStr_A                
00003df1  __aeabi_ddiv                  
00003f29  servo_init                    
00003fc7  servo_move                    
00004175  ldexp                         
00004175  ldexpl                        
00004175  scalbn                        
00004175  scalbnl                       
00004285  aligned_alloc                 
00004285  memalign                      
0000438d  __aeabi_dmul                  
00004489  free                          
0000456d  ADC0_InitSWTriggerSeq3_Ch10   
000045d7  ADC0_InSeq3                   
00004629  cosf                          
0000478f  __aeabi_memcpy                
0000478f  __aeabi_memcpy4               
0000478f  __aeabi_memcpy8               
0000478f  memcpy                        
0000482b  checkCliff                    
0000486f  checkBoundary                 
000048c5  __aeabi_uldivmod              
0000495b  __aeabi_cdcmpeq               
0000495b  __aeabi_cdcmple               
000049e1  __aeabi_cdrcmple              
00004a67  __aeabi_memclr                
00004a67  __aeabi_memclr4               
00004a67  __aeabi_memclr8               
00004a69  __aeabi_memset                
00004a69  __aeabi_memset4               
00004a69  __aeabi_memset8               
00004a6f  memset                        
00004bbf  __aeabi_d2f                   
00004c2d  __TI_decompress_lzss          
00004c95  frexp                         
00004c95  frexpl                        
00004cf9  resetSimulationBoard          
00004daf  __TI_ltoa                     
00004e55  atoi                          
00004ea1  __aeabi_d2iz                  
00004ee9  __TI_auto_init_nobinit_nopinit
00004f2d  sprintf                       
00004f6d  vsnprintf                     
00004fed  calloc                        
00005025  __aeabi_f2d                   
0000505d  IntRegister                   
00005091  _c_int00_noargs               
000050f5  __aeabi_i2d                   
0000514d  __aeabi_ui2d                  
0000516d  __TI_zero_init_nomemset       
000051a5  memccpy                       
000051c1  copysign                      
000051c1  copysignl                     
0000520b  oi_parseInt                   
00005223  strcmp                        
0000523b  strchr                        
00005251  strcpy                        
00005265  strlen                        
00005279  wcslen                        
0000528b  IntMasterEnable               
0000529b  lcd_clear                     
000052ab  __TI_decompress_none          
000052b9  CPUcpsie                      
000052c5  ResetISR                      
000052dd  __aeabi_errno_addr            
000052e5  malloc                        
000052ed  _system_pre_init              
000052f1  C$$EXIT                       
000052f1  abort                         
000052f8  _ctypes_                      
00005464  __TI_Handler_Table_Base       
00005470  __TI_Handler_Table_Limit      
00005480  __TI_CINIT_Base               
00005498  __TI_CINIT_Limit              
20000000  __start___llvm_prf_cnts       
20000000  __stop___llvm_prf_cnts        
20000000  g_pfnRAMVectors               
20000270  __stack                       
20000470  __STACK_TOP                   
20001270  __STACK_END                   
20001270  _sys_memory                   
200022dc  _timeout_ticks                
200022e0  motor_cal_factor_L            
200022e4  motor_cal_factor_R            
20002300  START_TIME                    
20002304  END_TIME                      
20002308  STATE                         
20002309  _running                      
2000230c  _lock                         
20002310  _unlock                       
2000231c  errno                         
ffffffff  __TI_pprof_out_hndl           
ffffffff  __TI_prof_data_size           
ffffffff  __TI_prof_data_start          
ffffffff  __binit__                     
ffffffff  __c_args__                    
ffffffff  binit                         
UNDEFED   __mpu_init                    
UNDEFED   _system_post_cinit            

[171 symbols]
